stm32l0xx_it.c:76:6:NMI_Handler	0	static
stm32l0xx_it.c:89:6:HardFault_Handler	0	static
stm32l0xx_it.c:104:6:SVC_Handler	0	static
stm32l0xx_it.c:117:6:PendSV_Handler	0	static
stm32l0xx_it.c:130:6:SysTick_Handler	8	static
stm32l0xx_it.c:151:6:EXTI4_15_IRQHandler	8	static
stm32l0xx_it.c:166:6:DMA1_Channel1_IRQHandler	8	static
stm32l0xx_it.c:180:6:ADC1_COMP_IRQHandler	8	static
stm32l0xx_it.c:194:6:USART1_IRQHandler	8	static
stm32l0xx_it.c:208:6:USART2_IRQHandler	8	static
stm32l0xx_it.c:231:6:RNG_LPUART1_IRQHandler	8	static
